<testsuite errors="0" failures="0" name="Django Project Tests" skips="0" tests="18" time="0.755"><testcase classname="users.tests.TestSuite" name="test_user_can_login" time="0.101578" /><testcase classname="users.tests.TestSuite" name="test_user_can_logout" time="0.433971" /><testcase classname="users.tests.User_Form_Test" name="test_register_form" time="0.047508" /><testcase classname="users.tests.User_Form_Test" name="test_register_form_invalid" time="0.000000" /><testcase classname="users.tests.User_Views_Test" name="test_add_user_view" time="0.081756" /><testcase classname="users.tests.User_Views_Test" name="test_home_view" time="0.001000" /><testcase classname="project.test_about.TestAbout" name="test_about" time="0.000000" /><testcase classname="project.test_about.TestAbout" name="test_redirect" time="0.013647" /><testcase classname="project.test_about.TestAbout" name="test_redirect_fail" time="0.019702" /><testcase classname="project.test_home.TestHome" name="test_home" time="0.000000" /><testcase classname="project.test_home.TestHome" name="test_redirect" time="0.018809" /><testcase classname="project.test_post_detail.TestPost_detail" name="test_redirect" time="0.014765" /><testcase classname="project.test_post_edit.TestPost_edit" name="test_form1" time="0.000000" /><testcase classname="project.test_post_edit.TestPost_edit" name="test_form2" time="0.000000" /><testcase classname="project.test_post_edit.TestPost_edit" name="test_form2_fail" time="0.000000" /><testcase classname="project.test_post_edit.TestPost_edit" name="test_post_404" time="0.000000" /><testcase classname="project.test_post_new.TestPost_new" name="test_form2" time="0.000000" /><testcase classname="project.test_post_new.TestPost_new" name="test_redirect" time="0.021329" /></testsuite>